================================================================================
==
==   Density Functional based Tight Binding with a lot of extensions (DFTB+)    
==
==                              Release: 1.2 (p2)
==
==                            (ParserVersion = 4)
==
================================================================================


********************************************************************************
** Parsing and initializing
********************************************************************************

Interpreting input file 'dftb_in.hsd'
--------------------------------------------------------------------------------
Reading SK-files:
  /Users/j2c/Development/DFTB+/mio-0-1/C-C.skf
Done.


Processed input in HSD format written to 'dftb_pin.hsd'

Starting initialization...
--------------------------------------------------------------------------------
Mode:                        Static calculation
Self consistent charges:     Yes
SCC-tolerance:                 0.100000E-09
Max. scc iterations:                    100
Ewald alpha parameter:         0.000000E+00
Spin polarisation:           No
Nr. of up electrons:          1440.000000
Nr. of down electrons:        1440.000000
Periodic boundaries:         No
Diagonalizer:                Divide and Conquer
Mixer:                       Broyden mixer
Mixing parameter:                  0.200000
Maximal SCC-cycles:                     100
Nr. of chrg. vec. in memory:            100
Electronic temperature:        0.316682E-05
Initial charges:             Set automatically (system chrg:   0.000E+00)
Included shells:              C:  s, p
Extra options:
--------------------------------------------------------------------------------


********************************************************************************
** Geometry step: 0
********************************************************************************

  iSCC Total electronic   Diff electronic      SCC error    
    1   -0.13120466E+04    0.00000000E+00    0.31474439E-01
    2   -0.13120537E+04   -0.70890296E-02    0.16628713E-01
    3   -0.13120546E+04   -0.91510850E-03    0.64421172E-02
    4   -0.13120548E+04   -0.14055205E-03    0.19088269E-02
    5   -0.13120548E+04   -0.38807465E-04    0.47644159E-03
    6   -0.13120548E+04   -0.12039620E-05    0.11107510E-03
    7   -0.13120548E+04   -0.22306745E-06    0.63248766E-04
    8   -0.13120548E+04   -0.17051889E-07    0.18108900E-04
    9   -0.13120548E+04   -0.67279871E-09    0.27108814E-05
   10   -0.13120548E+04   -0.63892003E-10    0.98380313E-06
   11   -0.13120548E+04   -0.18189894E-11    0.30195408E-06
   12   -0.13120548E+04   -0.45474735E-12    0.77328983E-07
   13   -0.13120548E+04   -0.15916157E-11    0.24029323E-07
   14   -0.13120548E+04    0.20463631E-11    0.10587342E-07
   15   -0.13120548E+04   -0.11368684E-11    0.23384565E-08
   16   -0.13120548E+04    0.13642421E-11    0.73837914E-09
   17   -0.13120548E+04    0.22737368E-12    0.33140779E-09
   18   -0.13120548E+04    0.22737368E-12    0.14752821E-09
   19   -0.13120548E+04    0.00000000E+00    0.63257843E-10
>> Charges saved for restart in charges.bin

 Total Energy:                   -1242.6860914956 H
 Total Mermin free energy:       -1242.6860914956 H
