 KPT            1  SPIN            1  KWEIGHT    1.0000000000000000     
   -19.28798     2.00000
   -17.00615     2.00000
   -17.00614     2.00000
   -13.58808     2.00000
   -13.58807     2.00000
   -11.18266     2.00000
   -10.33892     2.00000
   -10.07905     2.00000
    -9.23772     2.00000
    -9.23770     2.00000
    -8.93927     2.00000
    -7.84588     2.00000
    -7.84587     2.00000
    -6.66827     2.00000
    -6.66826     2.00000
    -1.44278     0.00000
    -1.44278     0.00000
     2.08870     0.00000
     8.34082     0.00000
     9.29099     0.00000
     9.29122     0.00000
    12.96727     0.00000
    13.46709     0.00000
    13.46743     0.00000
    17.67892     0.00000
    17.67901     0.00000
    19.26326     0.00000
    19.26327     0.00000
    23.22204     0.00000
    25.99401     0.00000

