 Fermi distribution function
 
 Calculation with static geometry
 

********************************************************************************
  iSCC Total electronic   Diff electronic      SCC error    
    7   -0.12933707E+02   -0.88817842E-14    0.29398706E-12
********************************************************************************
 

 Net atomic charges (e)
  Atom       Net charge
     1      -0.07295485
     2       0.07295532
     3      -0.07295377
     4       0.07295354
     5      -0.07295377
     6       0.07295354
     7      -0.07295485
     8       0.07295532
     9      -0.07295377
    10       0.07295354
    11      -0.07295377
    12       0.07295354
 
 COMPONENT = q
  
 Eigenvalues /H
   -0.70882027
   -0.62496464
   -0.62496426
   -0.49935264
   -0.49935251
   -0.41095537
   -0.37994849
   -0.37039838
   -0.33947992
   -0.33947926
   -0.32851196
   -0.28833094
   -0.28833061
   -0.24505431
   -0.24505397
   -0.05302128
   -0.05302101
    0.07675818
    0.30651967
    0.34143745
    0.34144618
    0.47653848
    0.49490663
    0.49491889
    0.64968854
    0.64969155
    0.70791176
    0.70791212
    0.85339422
    0.95526244
 
 Eigenvalues /eV
  -19.28798100
  -17.00615301
  -17.00614286
  -13.58807659
  -13.58807326
  -11.18266447
  -10.33892448
  -10.07905270
   -9.23771852
   -9.23770064
   -8.93926525
   -7.84588404
   -7.84587496
   -6.66826698
   -6.66825794
   -1.44278233
   -1.44277504
    2.08869635
    8.34082462
    9.29098574
    9.29122320
   12.96727186
   13.46709463
   13.46742834
   17.67892468
   17.67900666
   19.26325915
   19.26326878
   23.22203821
   25.99401352
 
 Fillings
     2.00000
     2.00000
     2.00000
     2.00000
     2.00000
     2.00000
     2.00000
     2.00000
     2.00000
     2.00000
     2.00000
     2.00000
     2.00000
     2.00000
     2.00000
     0.00000
     0.00000
     0.00000
     0.00000
     0.00000
     0.00000
     0.00000
     0.00000
     0.00000
     0.00000
     0.00000
     0.00000
     0.00000
     0.00000
     0.00000
 
 Nr. of electrons (up):     30.00000000
 Atom populations (up)
  Atom       Population
     1       4.07295485
     2       0.92704468
     3       4.07295377
     4       0.92704646
     5       4.07295377
     6       0.92704646
     7       4.07295485
     8       0.92704468
     9       4.07295377
    10       0.92704646
    11       4.07295377
    12       0.92704646
 
 l-shell populations (up)
  Atom Sh.   l       Population
     1   1   0       1.21533781
     1   2   1       2.85761704
     2   1   0       0.92704468
     3   1   0       1.21533914
     3   2   1       2.85761463
     4   1   0       0.92704646
     5   1   0       1.21533914
     5   2   1       2.85761463
     6   1   0       0.92704646
     7   1   0       1.21533781
     7   2   1       2.85761704
     8   1   0       0.92704468
     9   1   0       1.21533914
     9   2   1       2.85761463
    10   1   0       0.92704646
    11   1   0       1.21533914
    11   2   1       2.85761463
    12   1   0       0.92704646
 
 Orbital populations (up)
  Atom Sh.   l   m       Population
     1   1   0   0       1.21533781
     1   2   1  -1       0.93772778
     1   2   1   0       1.00000017
     1   2   1   1       0.91988909
     2   1   0   0       0.92704468
     3   1   0   0       1.21533914
     3   2   1  -1       0.92434791
     3   2   1   0       0.99999992
     3   2   1   1       0.93326681
     4   1   0   0       0.92704646
     5   1   0   0       1.21533914
     5   2   1  -1       0.92434791
     5   2   1   0       0.99999992
     5   2   1   1       0.93326681
     6   1   0   0       0.92704646
     7   1   0   0       1.21533781
     7   2   1  -1       0.93772778
     7   2   1   0       1.00000017
     7   2   1   1       0.91988909
     8   1   0   0       0.92704468
     9   1   0   0       1.21533914
     9   2   1  -1       0.92434791
     9   2   1   0       0.99999992
     9   2   1   1       0.93326681
    10   1   0   0       0.92704646
    11   1   0   0       1.21533914
    11   2   1  -1       0.92434791
    11   2   1   0       0.99999992
    11   2   1   1       0.93326681
    12   1   0   0       0.92704646
 
 Fermi energy:                      -0.0872892564 H           -2.3753 eV
 Band energy:                      -12.3859950369 H         -337.0401 eV
 TS:                                 0.0000000000 H            0.0000 eV
 Band free energy (E-TS):          -12.3859950369 H         -337.0401 eV
 Extrapolated E(0K):               -12.3859950369 H         -337.0401 eV
 Input/Output electrons (q):     30.00000000     30.00000000
 
 Energy H0:                        -12.9379269200 H         -352.0589 eV
 Energy SCC:                         0.0042202567 H            0.1148 eV
 Total Electronic energy:          -12.9337066632 H         -351.9441 eV
 Repulsive energy:                   0.3657219895 H            9.9518 eV
 Total energy:                     -12.5679846737 H         -341.9923 eV
 Total Mermin free energy:         -12.5679846737 H         -341.9923 eV
 
 SCC converged
 
 Dipole moment  :   -0.00000000   -0.00000000    0.00000000 au
 Dipole moment  :   -0.00000000   -0.00000000    0.00000000 Debye
 
 
